// Jest Snapshot v1, https://goo.gl/fbAQLP

exports[`Render Movie Page Reviews 1`] = `
<div
  className="movie-card__reviews movie-card__row"
>
  <div
    className="movie-card__reviews-col"
  >
    <div
      className="review"
    >
      <blockquote
        className="review__quote"
      >
        <p
          className="review__text"
        >
          good film
        </p>
        <footer
          className="review__details"
        >
          <cite
            className="review__author"
          >
            User
          </cite>
          <time
            className="review__date"
            dateTime="2016-12-24"
          >
            30 November, 2020
          </time>
        </footer>
      </blockquote>
      <div
        className="review__rating"
      >
        9
      </div>
    </div>
  </div>
  <div
    className="movie-card__reviews-col"
  >
    <div
      className="review"
    >
      <blockquote
        className="review__quote"
      >
        <p
          className="review__text"
        >
          bad film
        </p>
        <footer
          className="review__details"
        >
          <cite
            className="review__author"
          >
            Another User
          </cite>
          <time
            className="review__date"
            dateTime="2016-12-24"
          >
            30 November, 2020
          </time>
        </footer>
      </blockquote>
      <div
        className="review__rating"
      >
        1
      </div>
    </div>
  </div>
</div>
`;
